  ??Next.js 14.2.14
  - Environments: .env.local

   Creating an optimized production build ...
cmd : Failed to compile.
위치 줄:1 문자:1
+ cmd /c "npx next build" *>&
1 | Out-File -FilePath build.
log -Encoding ...
+ ~~~~~~~~~~~~~~~~~~~~~~~~~~~
~
    + CategoryInfo           
   : NotSpecified: (Failed   
  to compile.:String) [],    
 RemoteException
    + FullyQualifiedErrorId  
   : NativeCommandError
 

Error: EISDIR: illegal operat
ion on a directory, readlink 
'D:\1000_Antigravity Projects
\100_Websites\courier-tracker
\node_modules\next\dist\pages
\_app.js'


> Build failed because of web
pack errors
